host: Nanopore
Building DAG of jobs...
Using shell: /usr/bin/bash
Provided cores: 32
Rules claiming more threads will be scaled down.
Job stats:
job            count
-----------  -------
all                1
demultiplex        1
total              2

Select jobs to execute...
Execute 1 jobs...

[Thu Jan  8 14:12:27 2026]
localcheckpoint demultiplex:
    input: /mnt/d/MinKNOW/experiments/Clonostachy_rosea_A9/A9/20241009_1342_MN45285_FBA61155_8ea3b32e/pod5/duplex_basecalled/duplex_filtered.bam
    output: /mnt/d/MinKNOW/experiments/Clonostachy_rosea_A9/A9/20241009_1342_MN45285_FBA61155_8ea3b32e/pod5/duplex_basecalled/fastq
    jobid: 1
    reason: Missing output files: <TBD>
    threads: 20
    resources: tmpdir=/tmp
DAG of jobs will be updated after completion.

[Thu Jan  8 14:12:29 2026]
Finished job 1.
1 of 2 steps (50%) done
Select jobs to execute...
Execute 1 jobs...

[Thu Jan  8 14:12:29 2026]
localrule all:
    jobid: 0
    reason: Rules with neither input nor output files are always executed.
    resources: tmpdir=/tmp

[Thu Jan  8 14:12:29 2026]
Finished job 0.
2 of 2 steps (100%) done
Complete log: .snakemake/log/2026-01-08T141227.279673.snakemake.log
