host: Nanopore
Building DAG of jobs...
Using shell: /usr/bin/bash
Provided cores: 32
Rules claiming more threads will be scaled down.
Job stats:
job                   count
------------------  -------
all                       1
demultiplex               1
duplex_basecalling        1
filter_bam                1
total                     4

Select jobs to execute...
Execute 1 jobs...

[Wed Jan  7 14:48:14 2026]
localrule duplex_basecalling:
    output: /mnt/d/MinKNOW/experiments/Clonostachy_rosea_A9/A9/20241009_1342_MN45285_FBA61155_8ea3b32e/pod5/duplex_basecalled/duplex.bam
    jobid: 3
    reason: Missing output files: /mnt/d/MinKNOW/experiments/Clonostachy_rosea_A9/A9/20241009_1342_MN45285_FBA61155_8ea3b32e/pod5/duplex_basecalled/duplex.bam
    threads: 20
    resources: tmpdir=/tmp

[Wed Jan  7 15:43:35 2026]
Finished job 3.
1 of 4 steps (25%) done
Select jobs to execute...
Execute 1 jobs...

[Wed Jan  7 15:43:35 2026]
localrule filter_bam:
    input: /mnt/d/MinKNOW/experiments/Clonostachy_rosea_A9/A9/20241009_1342_MN45285_FBA61155_8ea3b32e/pod5/duplex_basecalled/duplex.bam
    output: /mnt/d/MinKNOW/experiments/Clonostachy_rosea_A9/A9/20241009_1342_MN45285_FBA61155_8ea3b32e/pod5/duplex_basecalled/duplex_filtered.bam, tag.txt
    jobid: 2
    reason: Missing output files: /mnt/d/MinKNOW/experiments/Clonostachy_rosea_A9/A9/20241009_1342_MN45285_FBA61155_8ea3b32e/pod5/duplex_basecalled/duplex_filtered.bam; Input files updated by another job: /mnt/d/MinKNOW/experiments/Clonostachy_rosea_A9/A9/20241009_1342_MN45285_FBA61155_8ea3b32e/pod5/duplex_basecalled/duplex.bam
    resources: tmpdir=/tmp

[Wed Jan  7 15:44:59 2026]
Finished job 2.
2 of 4 steps (50%) done
Select jobs to execute...
Execute 1 jobs...

[Wed Jan  7 15:44:59 2026]
localcheckpoint demultiplex:
    input: /mnt/d/MinKNOW/experiments/Clonostachy_rosea_A9/A9/20241009_1342_MN45285_FBA61155_8ea3b32e/pod5/duplex_basecalled/duplex_filtered.bam
    output: /mnt/d/MinKNOW/experiments/Clonostachy_rosea_A9/A9/20241009_1342_MN45285_FBA61155_8ea3b32e/pod5/duplex_basecalled/fastq
    jobid: 1
    reason: Missing output files: <TBD>; Input files updated by another job: /mnt/d/MinKNOW/experiments/Clonostachy_rosea_A9/A9/20241009_1342_MN45285_FBA61155_8ea3b32e/pod5/duplex_basecalled/duplex_filtered.bam
    threads: 20
    resources: tmpdir=/tmp
DAG of jobs will be updated after completion.

[Wed Jan  7 15:44:59 2026]
Finished job 1.
3 of 4 steps (75%) done
Select jobs to execute...
Execute 1 jobs...

[Wed Jan  7 15:44:59 2026]
localrule all:
    jobid: 0
    reason: Rules with neither input nor output files are always executed.
    resources: tmpdir=/tmp

[Wed Jan  7 15:44:59 2026]
Finished job 0.
4 of 4 steps (100%) done
Complete log: .snakemake/log/2026-01-07T144814.804197.snakemake.log
