host: Nanopore
Building DAG of jobs...
Using shell: /usr/bin/bash
Provided cores: 32
Rules claiming more threads will be scaled down.
Job stats:
job      count
-----  -------
all          1
total        1

Select jobs to execute...
Execute 1 jobs...

[Thu Jan  8 14:09:38 2026]
localrule all:
    jobid: 0
    reason: Rules with neither input nor output files are always executed.
    resources: tmpdir=/tmp

[Thu Jan  8 14:09:39 2026]
Finished job 0.
1 of 1 steps (100%) done
Complete log: .snakemake/log/2026-01-08T140938.130096.snakemake.log
